// Jest Snapshot v1, https://goo.gl/fbAQLP

exports[`Component: Button Should render successfully 1`] = `
<a
  className="sc-htpNat kReTet"
  href="/"
>
  <span
    className="sc-bwzfXH cbEDiN"
  >
    <h3
      className="sc-bdVaJa iubVGX"
    >
      Test
    </h3>
  </span>
</a>
`;
