// Jest Snapshot v1, https://goo.gl/fbAQLP

exports[`Component: Text Should render successfully 1`] = `
<div
  className="sc-bdVaJa gbkfm"
>
  Test
</div>
`;
