// Jest Snapshot v1, https://goo.gl/fbAQLP

exports[`Component: Avatar Should render successfully 1`] = `
<div
  className="sc-bdVaJa hnTXKP"
/>
`;
