// Jest Snapshot v1, https://goo.gl/fbAQLP

exports[`Component: Intro Should render successfully 1`] = `
<div
  className="sc-htpNat iPkDTG"
>
  <div
    className="sc-gqjmRU zceRv"
  >
    <div
      className="sc-jTzLTM cNbpKx"
    />
    <div
      className="sc-fjdhpX kSIlTd"
    />
    <div
      className="sc-jzJRlG jCGiTt"
    />
    <div
      className="sc-cSHVUG hgwnda"
    />
  </div>
  <div
    className="sc-bxivhb hGBFui"
  />
  <div
    className="sc-EHOje eCkAKG"
  >
    <a
      className="sc-gZMcBi cQWaow"
      href={undefined}
      rel="noopener noreferrer"
      target="_blank"
      title="View my LinkedIn Profile"
    />
    <a
      className="sc-iwsKbI cbXTBy"
      href={undefined}
      rel="noopener noreferrer"
      target="_blank"
      title="View my GitHub Profile"
    />
  </div>
  <div
    className="sc-htoDjs jLBQXO"
  >
    <div
      className="sc-bZQynM gZGNLj"
    >
      <div
        className="sc-gzVnrw fOlWni"
      >
        <h3
          className="sc-bwzfXH GPZWx"
        >
          Front End Web Developer
        </h3>
      </div>
      <h1
        className="sc-bdVaJa dJVMHP"
      >
        jack coventry
      </h1>
    </div>
  </div>
</div>
`;
